// Jest Snapshot v1, https://goo.gl/fbAQLP

exports[`mounts without crashing 1`] = `
<App>
  <div
    className="App"
  >
    <header
      className="App-header"
    >
      <div
        className="container"
      >
        <div
          className="row"
        >
          <div
            className="col"
          >
            <img
              alt="logo"
              className="App-logo"
              src="logo.svg"
            />
            <HeaderElement
              className="this-class"
              fallBack="h2"
              id="This is an ID"
              isFunctional={true}
              style={
                Object {
                  "color": "red",
                  "fontWeight": "bold",
                  "textDecoration": "underline",
                }
              }
              title="This is a functional h1 Header (Header element) without fallback"
              value="h1"
            >
              <h1
                className="this-class"
                id="This is an ID"
                style={
                  Object {
                    "color": "red",
                    "fontWeight": "bold",
                    "textDecoration": "underline",
                  }
                }
              >
                This is a functional h1 Header (Header element) without fallback
              </h1>
            </HeaderElement>
            <HeaderElement
              className="name-here"
              fallBack="h2"
              id="This is an ID but on a class"
              isFunctional={false}
              title="This is a decorative h1 Header (Header class) without fallback"
              value="h1"
            >
              <div
                className="h1 name-here"
                id="This is an ID but on a class"
              >
                This is a decorative h1 Header (Header class) without fallback
              </div>
            </HeaderElement>
            <HeaderElement
              fallBack="h2"
              isFunctional={true}
              title="This is a functional h2 Header (Header element) with fallback"
            >
              <h2>
                This is a functional h2 Header (Header element) with fallback
              </h2>
            </HeaderElement>
            <HeaderElement
              fallBack="h2"
              isFunctional={false}
              title="This is a decorative h2 Header (Header class) with fallback"
            >
              <div
                className="h2"
              >
                This is a decorative h2 Header (Header class) with fallback
              </div>
            </HeaderElement>
          </div>
        </div>
      </div>
    </header>
  </div>
</App>
`;
